<html>
<body>
<pre>
<h1>µVision Build Log</h1>
<h2>Project:</h2>
C:\Users\jxc\Documents\GitHub\sea-ctrl\elmo_lpc2478_keil.uvproj
Project File Date:  11/27/2014

<h2>Output:</h2>
Rebuild target 'elmo_lpc2478_keil'
compiling ISR.c...
compiling elmo_velocity.cpp...
compiling filter.c...
compiling miscellaneous.c...
compiling target.c...
compiling utility.c...
compiling lpc2400can.c...
compiling SDO.c...
compiling motor.c...
compiling timer.c...
compiling uart.c...
compiling ssi.c...
compiling norflash.c...
assembling IRQ.s...
assembling Startup.s...
assembling vicControl.s...
linking...
Program Size: Code=15764 RO-data=64 RW-data=92 ZI-data=912  
FromELF: creating hex file...
".\output\elmo_lpc2478_keil.axf" - 0 Error(s), 0 Warning(s).
